=== MULAI PROSES ROBOT ===
🌐 Membuka browser (Chromium)...